 * Debugger is active!
 * Debugger PIN: 340-333-626
 * Running on http://127.0.0.1:4200/ (Press CTRL+C to quit)
 * Detected change in 'C:\\Users\\WID\\Documents\\Compi2\\ml-octo-invention\\app.py', reloading
 * Debugger is active!
 * Debugger PIN: 340-333-626
 * Running on http://127.0.0.1:4200/ (Press CTRL+C to quit)
127.0.0.1 - - [04/Jan/2023 01:22:50] "GET / HTTP/1.1" 200 -
127.0.0.1 - - [04/Jan/2023 01:22:51] "[36mGET /static/style/main.css HTTP/1.1[0m" 304 -
127.0.0.1 - - [04/Jan/2023 01:22:51] "[36mGET /static/style/nav.css HTTP/1.1[0m" 304 -
127.0.0.1 - - [04/Jan/2023 01:22:55] "POST /load-data HTTP/1.1" 200 -
127.0.0.1 - - [04/Jan/2023 01:22:55] "[36mGET /static/style/nav.css HTTP/1.1[0m" 304 -
127.0.0.1 - - [04/Jan/2023 01:22:55] "[36mGET /static/style/main.css HTTP/1.1[0m" 304 -
127.0.0.1 - - [04/Jan/2023 01:22:55] "[33mGET /static/ HTTP/1.1[0m" 404 -
127.0.0.1 - - [04/Jan/2023 01:22:55] "[33mGET /static/ HTTP/1.1[0m" 404 -
127.0.0.1 - - [04/Jan/2023 01:23:52] "[35m[1mPOST /result-analysis HTTP/1.1[0m" 500 -
127.0.0.1 - - [04/Jan/2023 01:23:53] "GET /result-analysis?__debugger__=yes&cmd=resource&f=style.css HTTP/1.1" 200 -
127.0.0.1 - - [04/Jan/2023 01:23:53] "GET /result-analysis?__debugger__=yes&cmd=resource&f=debugger.js HTTP/1.1" 200 -
127.0.0.1 - - [04/Jan/2023 01:23:53] "GET /result-analysis?__debugger__=yes&cmd=resource&f=console.png HTTP/1.1" 200 -
127.0.0.1 - - [04/Jan/2023 01:23:53] "GET /result-analysis?__debugger__=yes&cmd=resource&f=console.png HTTP/1.1" 200 -
 * Detected change in 'C:\\Users\\WID\\Documents\\Compi2\\ml-octo-invention\\app.py', reloading
 * Debugger is active!
 * Debugger PIN: 340-333-626
 * Running on http://127.0.0.1:4200/ (Press CTRL+C to quit)
127.0.0.1 - - [04/Jan/2023 01:25:50] "GET / HTTP/1.1" 200 -
127.0.0.1 - - [04/Jan/2023 01:25:51] "[36mGET /static/style/main.css HTTP/1.1[0m" 304 -
127.0.0.1 - - [04/Jan/2023 01:25:51] "[36mGET /static/style/nav.css HTTP/1.1[0m" 304 -
127.0.0.1 - - [04/Jan/2023 01:25:55] "POST /load-data HTTP/1.1" 200 -
127.0.0.1 - - [04/Jan/2023 01:25:55] "[36mGET /static/style/nav.css HTTP/1.1[0m" 304 -
127.0.0.1 - - [04/Jan/2023 01:25:55] "[36mGET /static/style/main.css HTTP/1.1[0m" 304 -
127.0.0.1 - - [04/Jan/2023 01:25:55] "[33mGET /static/ HTTP/1.1[0m" 404 -
127.0.0.1 - - [04/Jan/2023 01:25:55] "[33mGET /static/ HTTP/1.1[0m" 404 -
127.0.0.1 - - [04/Jan/2023 01:26:04] "[35m[1mPOST /result-analysis HTTP/1.1[0m" 500 -
127.0.0.1 - - [04/Jan/2023 01:26:05] "GET /result-analysis?__debugger__=yes&cmd=resource&f=style.css HTTP/1.1" 200 -
127.0.0.1 - - [04/Jan/2023 01:26:05] "GET /result-analysis?__debugger__=yes&cmd=resource&f=debugger.js HTTP/1.1" 200 -
127.0.0.1 - - [04/Jan/2023 01:26:05] "GET /result-analysis?__debugger__=yes&cmd=resource&f=console.png HTTP/1.1" 200 -
 * Restarting with stat
 * Debugger is active!
 * Debugger PIN: 340-333-626
 * Running on http://127.0.0.1:4200/ (Press CTRL+C to quit)
127.0.0.1 - - [04/Jan/2023 01:40:40] "GET / HTTP/1.1" 200 -
127.0.0.1 - - [04/Jan/2023 01:40:41] "[36mGET /static/style/nav.css HTTP/1.1[0m" 304 -
127.0.0.1 - - [04/Jan/2023 01:40:41] "[36mGET /static/style/main.css HTTP/1.1[0m" 304 -
127.0.0.1 - - [04/Jan/2023 01:40:46] "POST /load-data HTTP/1.1" 200 -
127.0.0.1 - - [04/Jan/2023 01:40:46] "[36mGET /static/style/nav.css HTTP/1.1[0m" 304 -
127.0.0.1 - - [04/Jan/2023 01:40:46] "[36mGET /static/style/main.css HTTP/1.1[0m" 304 -
127.0.0.1 - - [04/Jan/2023 01:40:46] "[33mGET /static/ HTTP/1.1[0m" 404 -
127.0.0.1 - - [04/Jan/2023 01:40:47] "[33mGET /static/ HTTP/1.1[0m" 404 -
127.0.0.1 - - [04/Jan/2023 01:41:03] "[35m[1mPOST /result-analysis HTTP/1.1[0m" 500 -
127.0.0.1 - - [04/Jan/2023 01:41:04] "GET /result-analysis?__debugger__=yes&cmd=resource&f=style.css HTTP/1.1" 200 -
127.0.0.1 - - [04/Jan/2023 01:41:04] "GET /result-analysis?__debugger__=yes&cmd=resource&f=debugger.js HTTP/1.1" 200 -
127.0.0.1 - - [04/Jan/2023 01:41:04] "GET /result-analysis?__debugger__=yes&cmd=resource&f=console.png HTTP/1.1" 200 -
 * Detected change in 'C:\\Users\\WID\\Documents\\Compi2\\ml-octo-invention\\app.py', reloading
 * Restarting with stat
 * Debugger is active!
 * Debugger PIN: 340-333-626
 * Running on http://127.0.0.1:4200/ (Press CTRL+C to quit)
 * Restarting with stat
 * Debugger is active!
 * Debugger PIN: 340-333-626
 * Running on http://127.0.0.1:4200/ (Press CTRL+C to quit)
127.0.0.1 - - [04/Jan/2023 01:42:17] "POST /load-data HTTP/1.1" 200 -
127.0.0.1 - - [04/Jan/2023 01:42:18] "[36mGET /static/style/main.css HTTP/1.1[0m" 304 -
127.0.0.1 - - [04/Jan/2023 01:42:18] "[36mGET /static/style/nav.css HTTP/1.1[0m" 304 -
127.0.0.1 - - [04/Jan/2023 01:42:18] "[33mGET /static/ HTTP/1.1[0m" 404 -
127.0.0.1 - - [04/Jan/2023 01:42:18] "[33mGET /static/ HTTP/1.1[0m" 404 -
name :None
127.0.0.1 - - [04/Jan/2023 01:42:27] "[35m[1mPOST /result-analysis HTTP/1.1[0m" 500 -
127.0.0.1 - - [04/Jan/2023 01:42:27] "GET /result-analysis?__debugger__=yes&cmd=resource&f=style.css HTTP/1.1" 200 -
127.0.0.1 - - [04/Jan/2023 01:42:27] "GET /result-analysis?__debugger__=yes&cmd=resource&f=debugger.js HTTP/1.1" 200 -
127.0.0.1 - - [04/Jan/2023 01:42:27] "GET /result-analysis?__debugger__=yes&cmd=resource&f=console.png HTTP/1.1" 200 -
 * Detected change in 'C:\\Users\\WID\\Documents\\Compi2\\ml-octo-invention\\app.py', reloading
 * Restarting with stat
 * Restarting with stat
 * Debugger is active!
 * Debugger PIN: 340-333-626
 * Running on http://127.0.0.1:4200/ (Press CTRL+C to quit)
127.0.0.1 - - [04/Jan/2023 01:43:15] "GET / HTTP/1.1" 200 -
127.0.0.1 - - [04/Jan/2023 01:43:16] "[36mGET /static/style/nav.css HTTP/1.1[0m" 304 -
127.0.0.1 - - [04/Jan/2023 01:43:16] "[36mGET /static/style/main.css HTTP/1.1[0m" 304 -
127.0.0.1 - - [04/Jan/2023 01:43:21] "POST /load-data HTTP/1.1" 200 -
127.0.0.1 - - [04/Jan/2023 01:43:21] "[36mGET /static/style/nav.css HTTP/1.1[0m" 304 -
127.0.0.1 - - [04/Jan/2023 01:43:21] "[36mGET /static/style/main.css HTTP/1.1[0m" 304 -
127.0.0.1 - - [04/Jan/2023 01:43:21] "[33mGET /static/ HTTP/1.1[0m" 404 -
127.0.0.1 - - [04/Jan/2023 01:43:21] "[33mGET /static/ HTTP/1.1[0m" 404 -
name :None
127.0.0.1 - - [04/Jan/2023 01:43:28] "POST /result-analysis HTTP/1.1" 200 -
127.0.0.1 - - [04/Jan/2023 01:43:29] "[36mGET /static/style/nav.css HTTP/1.1[0m" 304 -
127.0.0.1 - - [04/Jan/2023 01:43:29] "[36mGET /static/style/main.css HTTP/1.1[0m" 304 -
127.0.0.1 - - [04/Jan/2023 01:43:29] "[33mGET /static/ HTTP/1.1[0m" 404 -
127.0.0.1 - - [04/Jan/2023 01:43:29] "[33mGET /static/ HTTP/1.1[0m" 404 -
 * Detected change in 'C:\\Users\\WID\\Documents\\Compi2\\ml-octo-invention\\app.py', reloading
 * Restarting with stat
